
> peer-chess@0.0.0 build
> tsc -b && vite build

src/App.tsx(1,8): error TS6133: 'React' is declared but its value is never read.
src/App.tsx(9,9): error TS6133: 'setPhase' is declared but its value is never read.
src/components/CapturedPieces.tsx(1,1): error TS6133: 'React' is declared but its value is never read.
src/components/ChessBoard.tsx(7,37): error TS6133: 'result' is declared but its value is never read.
src/components/ChessBoard.tsx(21,17): error TS2322: Type '{ position: string; onPieceDrop: (sourceSquare: string, targetSquare: string, piece: string) => boolean; boardOrientation: string; isDraggablePiece: ({ piece }: { piece: string; }) => boolean; ... 6 more ...; promotionToSquare: undefined; }' is not assignable to type 'IntrinsicAttributes & ChessboardProps'.
  Property 'position' does not exist on type 'IntrinsicAttributes & ChessboardProps'.
src/components/ConnectionStatus.tsx(1,1): error TS6133: 'React' is declared but its value is never read.
src/components/GameEndModal.tsx(1,1): error TS6133: 'React' is declared but its value is never read.
src/components/GameEndModal.tsx(31,22): error TS6133: 'myName' is declared but its value is never read.
src/components/GameEndModal.tsx(31,44): error TS6133: 'setPhase' is declared but its value is never read.
src/components/GameSidebar.tsx(1,1): error TS6133: 'React' is declared but its value is never read.
src/components/GameView.tsx(1,1): error TS6133: 'React' is declared but its value is never read.
src/components/Navbar.tsx(1,1): error TS6133: 'React' is declared but its value is never read.
src/components/PlayerCard.tsx(1,1): error TS6133: 'React' is declared but its value is never read.
src/hooks/useChessClock.ts(13,9): error TS6133: 'chess' is declared but its value is never read.
src/hooks/useChessClock.ts(14,9): error TS6133: 'whiteTime' is declared but its value is never read.
src/hooks/useChessClock.ts(15,9): error TS6133: 'blackTime' is declared but its value is never read.
src/hooks/useChessClock.ts(18,9): error TS6133: 'setResult' is declared but its value is never read.
